// Jest Snapshot v1, https://goo.gl/fbAQLP

exports[`Main. Should be render <Main />. 1`] = `
ShallowWrapper {
  "length": 1,
  Symbol(enzyme.__root__): [Circular],
  Symbol(enzyme.__unrendered__): <Main />,
  Symbol(enzyme.__renderer__): Object {
    "batchedUpdates": [Function],
    "getNode": [Function],
    "render": [Function],
    "simulateEvent": [Function],
    "unmount": [Function],
  },
  Symbol(enzyme.__node__): Object {
    "instance": null,
    "key": undefined,
    "nodeType": "class",
    "props": Object {
      "children": <styled.div>
        <Logo
                alt="Olist logo"
                className=""
                logo="logo.svg"
        />
        <Unknown>
                <h1>
                        Crie sua conta
                </h1>
                <form
                        className="form__create-count"
                >
                        <Input
                                className=""
                                focus={true}
                                label="Nome completo"
                                onChange={[Function]}
                                placeholder=""
                                required={true}
                                type="text"
                        />
                        <Input
                                className=""
                                focus={false}
                                label="E-mail"
                                onChange={[Function]}
                                placeholder=""
                                required={true}
                                type="text"
                        />
                        <Password
                                confirmPwd={true}
                                max={16}
                                min={6}
                                passwordValid={[Function]}
                                placeholder=""
                        />
                        <Button
                                className=""
                                disabled={true}
                                form="createCount"
                                onClick={[Function]}
                                type="submit"
                        >
                                Criar conta
                        </Button>
                </form>
        </Unknown>
</styled.div>,
    },
    "ref": null,
    "rendered": Object {
      "instance": null,
      "key": undefined,
      "nodeType": "class",
      "props": Object {
        "children": Array [
          <Logo
            alt="Olist logo"
            className=""
            logo="logo.svg"
/>,
          <Unknown>
            <h1>
                        Crie sua conta
            </h1>
            <form
                        className="form__create-count"
            >
                        <Input
                                    className=""
                                    focus={true}
                                    label="Nome completo"
                                    onChange={[Function]}
                                    placeholder=""
                                    required={true}
                                    type="text"
                        />
                        <Input
                                    className=""
                                    focus={false}
                                    label="E-mail"
                                    onChange={[Function]}
                                    placeholder=""
                                    required={true}
                                    type="text"
                        />
                        <Password
                                    confirmPwd={true}
                                    max={16}
                                    min={6}
                                    passwordValid={[Function]}
                                    placeholder=""
                        />
                        <Button
                                    className=""
                                    disabled={true}
                                    form="createCount"
                                    onClick={[Function]}
                                    type="submit"
                        >
                                    Criar conta
                        </Button>
            </form>
</Unknown>,
        ],
      },
      "ref": null,
      "rendered": Array [
        Object {
          "instance": null,
          "key": undefined,
          "nodeType": "function",
          "props": Object {
            "alt": "Olist logo",
            "className": "",
            "logo": "logo.svg",
          },
          "ref": null,
          "rendered": null,
          "type": [Function],
        },
        Object {
          "instance": null,
          "key": undefined,
          "nodeType": "function",
          "props": Object {
            "children": Array [
              <h1>
                Crie sua conta
</h1>,
              <form
                className="form__create-count"
>
                <Input
                                className=""
                                focus={true}
                                label="Nome completo"
                                onChange={[Function]}
                                placeholder=""
                                required={true}
                                type="text"
                />
                <Input
                                className=""
                                focus={false}
                                label="E-mail"
                                onChange={[Function]}
                                placeholder=""
                                required={true}
                                type="text"
                />
                <Password
                                confirmPwd={true}
                                max={16}
                                min={6}
                                passwordValid={[Function]}
                                placeholder=""
                />
                <Button
                                className=""
                                disabled={true}
                                form="createCount"
                                onClick={[Function]}
                                type="submit"
                >
                                Criar conta
                </Button>
</form>,
            ],
          },
          "ref": null,
          "rendered": Array [
            Object {
              "instance": null,
              "key": undefined,
              "nodeType": "host",
              "props": Object {
                "children": "Crie sua conta",
              },
              "ref": null,
              "rendered": "Crie sua conta",
              "type": "h1",
            },
            Object {
              "instance": null,
              "key": undefined,
              "nodeType": "host",
              "props": Object {
                "children": Array [
                  <Input
                    className=""
                    focus={true}
                    label="Nome completo"
                    onChange={[Function]}
                    placeholder=""
                    required={true}
                    type="text"
/>,
                  <Input
                    className=""
                    focus={false}
                    label="E-mail"
                    onChange={[Function]}
                    placeholder=""
                    required={true}
                    type="text"
/>,
                  <Password
                    confirmPwd={true}
                    max={16}
                    min={6}
                    passwordValid={[Function]}
                    placeholder=""
/>,
                  <Button
                    className=""
                    disabled={true}
                    form="createCount"
                    onClick={[Function]}
                    type="submit"
>
                    Criar conta
</Button>,
                ],
                "className": "form__create-count",
              },
              "ref": null,
              "rendered": Array [
                Object {
                  "instance": null,
                  "key": undefined,
                  "nodeType": "class",
                  "props": Object {
                    "className": "",
                    "focus": true,
                    "label": "Nome completo",
                    "onChange": [Function],
                    "placeholder": "",
                    "required": true,
                    "type": "text",
                  },
                  "ref": "inputRefName",
                  "rendered": null,
                  "type": [Function],
                },
                Object {
                  "instance": null,
                  "key": undefined,
                  "nodeType": "class",
                  "props": Object {
                    "className": "",
                    "focus": false,
                    "label": "E-mail",
                    "onChange": [Function],
                    "placeholder": "",
                    "required": true,
                    "type": "text",
                  },
                  "ref": "inputRefEmail",
                  "rendered": null,
                  "type": [Function],
                },
                Object {
                  "instance": null,
                  "key": undefined,
                  "nodeType": "class",
                  "props": Object {
                    "confirmPwd": true,
                    "max": 16,
                    "min": 6,
                    "passwordValid": [Function],
                    "placeholder": "",
                  },
                  "ref": null,
                  "rendered": null,
                  "type": [Function],
                },
                Object {
                  "instance": null,
                  "key": undefined,
                  "nodeType": "function",
                  "props": Object {
                    "children": "Criar conta",
                    "className": "",
                    "disabled": true,
                    "form": "createCount",
                    "onClick": [Function],
                    "type": "submit",
                  },
                  "ref": null,
                  "rendered": "Criar conta",
                  "type": [Function],
                },
              ],
              "type": "form",
            },
          ],
          "type": Symbol(react.fragment),
        },
      ],
      "type": [Function],
    },
    "type": [Function],
  },
  Symbol(enzyme.__nodes__): Array [
    Object {
      "instance": null,
      "key": undefined,
      "nodeType": "class",
      "props": Object {
        "children": <styled.div>
          <Logo
                    alt="Olist logo"
                    className=""
                    logo="logo.svg"
          />
          <Unknown>
                    <h1>
                              Crie sua conta
                    </h1>
                    <form
                              className="form__create-count"
                    >
                              <Input
                                        className=""
                                        focus={true}
                                        label="Nome completo"
                                        onChange={[Function]}
                                        placeholder=""
                                        required={true}
                                        type="text"
                              />
                              <Input
                                        className=""
                                        focus={false}
                                        label="E-mail"
                                        onChange={[Function]}
                                        placeholder=""
                                        required={true}
                                        type="text"
                              />
                              <Password
                                        confirmPwd={true}
                                        max={16}
                                        min={6}
                                        passwordValid={[Function]}
                                        placeholder=""
                              />
                              <Button
                                        className=""
                                        disabled={true}
                                        form="createCount"
                                        onClick={[Function]}
                                        type="submit"
                              >
                                        Criar conta
                              </Button>
                    </form>
          </Unknown>
</styled.div>,
      },
      "ref": null,
      "rendered": Object {
        "instance": null,
        "key": undefined,
        "nodeType": "class",
        "props": Object {
          "children": Array [
            <Logo
              alt="Olist logo"
              className=""
              logo="logo.svg"
/>,
            <Unknown>
              <h1>
                            Crie sua conta
              </h1>
              <form
                            className="form__create-count"
              >
                            <Input
                                          className=""
                                          focus={true}
                                          label="Nome completo"
                                          onChange={[Function]}
                                          placeholder=""
                                          required={true}
                                          type="text"
                            />
                            <Input
                                          className=""
                                          focus={false}
                                          label="E-mail"
                                          onChange={[Function]}
                                          placeholder=""
                                          required={true}
                                          type="text"
                            />
                            <Password
                                          confirmPwd={true}
                                          max={16}
                                          min={6}
                                          passwordValid={[Function]}
                                          placeholder=""
                            />
                            <Button
                                          className=""
                                          disabled={true}
                                          form="createCount"
                                          onClick={[Function]}
                                          type="submit"
                            >
                                          Criar conta
                            </Button>
              </form>
</Unknown>,
          ],
        },
        "ref": null,
        "rendered": Array [
          Object {
            "instance": null,
            "key": undefined,
            "nodeType": "function",
            "props": Object {
              "alt": "Olist logo",
              "className": "",
              "logo": "logo.svg",
            },
            "ref": null,
            "rendered": null,
            "type": [Function],
          },
          Object {
            "instance": null,
            "key": undefined,
            "nodeType": "function",
            "props": Object {
              "children": Array [
                <h1>
                  Crie sua conta
</h1>,
                <form
                  className="form__create-count"
>
                  <Input
                                    className=""
                                    focus={true}
                                    label="Nome completo"
                                    onChange={[Function]}
                                    placeholder=""
                                    required={true}
                                    type="text"
                  />
                  <Input
                                    className=""
                                    focus={false}
                                    label="E-mail"
                                    onChange={[Function]}
                                    placeholder=""
                                    required={true}
                                    type="text"
                  />
                  <Password
                                    confirmPwd={true}
                                    max={16}
                                    min={6}
                                    passwordValid={[Function]}
                                    placeholder=""
                  />
                  <Button
                                    className=""
                                    disabled={true}
                                    form="createCount"
                                    onClick={[Function]}
                                    type="submit"
                  >
                                    Criar conta
                  </Button>
</form>,
              ],
            },
            "ref": null,
            "rendered": Array [
              Object {
                "instance": null,
                "key": undefined,
                "nodeType": "host",
                "props": Object {
                  "children": "Crie sua conta",
                },
                "ref": null,
                "rendered": "Crie sua conta",
                "type": "h1",
              },
              Object {
                "instance": null,
                "key": undefined,
                "nodeType": "host",
                "props": Object {
                  "children": Array [
                    <Input
                      className=""
                      focus={true}
                      label="Nome completo"
                      onChange={[Function]}
                      placeholder=""
                      required={true}
                      type="text"
/>,
                    <Input
                      className=""
                      focus={false}
                      label="E-mail"
                      onChange={[Function]}
                      placeholder=""
                      required={true}
                      type="text"
/>,
                    <Password
                      confirmPwd={true}
                      max={16}
                      min={6}
                      passwordValid={[Function]}
                      placeholder=""
/>,
                    <Button
                      className=""
                      disabled={true}
                      form="createCount"
                      onClick={[Function]}
                      type="submit"
>
                      Criar conta
</Button>,
                  ],
                  "className": "form__create-count",
                },
                "ref": null,
                "rendered": Array [
                  Object {
                    "instance": null,
                    "key": undefined,
                    "nodeType": "class",
                    "props": Object {
                      "className": "",
                      "focus": true,
                      "label": "Nome completo",
                      "onChange": [Function],
                      "placeholder": "",
                      "required": true,
                      "type": "text",
                    },
                    "ref": "inputRefName",
                    "rendered": null,
                    "type": [Function],
                  },
                  Object {
                    "instance": null,
                    "key": undefined,
                    "nodeType": "class",
                    "props": Object {
                      "className": "",
                      "focus": false,
                      "label": "E-mail",
                      "onChange": [Function],
                      "placeholder": "",
                      "required": true,
                      "type": "text",
                    },
                    "ref": "inputRefEmail",
                    "rendered": null,
                    "type": [Function],
                  },
                  Object {
                    "instance": null,
                    "key": undefined,
                    "nodeType": "class",
                    "props": Object {
                      "confirmPwd": true,
                      "max": 16,
                      "min": 6,
                      "passwordValid": [Function],
                      "placeholder": "",
                    },
                    "ref": null,
                    "rendered": null,
                    "type": [Function],
                  },
                  Object {
                    "instance": null,
                    "key": undefined,
                    "nodeType": "function",
                    "props": Object {
                      "children": "Criar conta",
                      "className": "",
                      "disabled": true,
                      "form": "createCount",
                      "onClick": [Function],
                      "type": "submit",
                    },
                    "ref": null,
                    "rendered": "Criar conta",
                    "type": [Function],
                  },
                ],
                "type": "form",
              },
            ],
            "type": Symbol(react.fragment),
          },
        ],
        "type": [Function],
      },
      "type": [Function],
    },
  ],
  Symbol(enzyme.__options__): Object {
    "adapter": ReactSixteenAdapter {
      "options": Object {
        "enableComponentDidUpdateOnSetState": true,
      },
    },
  },
}
`;
