// Jest Snapshot v1, https://goo.gl/fbAQLP

exports[`Step Field. Should be render <Field />. 1`] = `
ShallowWrapper {
  "length": 1,
  Symbol(enzyme.__root__): [Circular],
  Symbol(enzyme.__unrendered__): <StepField
    value="empty"
>
     Pelo menos 
    2
     caracteres
</StepField>,
  Symbol(enzyme.__renderer__): Object {
    "batchedUpdates": [Function],
    "getNode": [Function],
    "render": [Function],
    "simulateEvent": [Function],
    "unmount": [Function],
  },
  Symbol(enzyme.__node__): Object {
    "instance": null,
    "key": undefined,
    "nodeType": "class",
    "props": Object {
      "children": Array [
        <Circle
          className="icon"
          color="#eaeaf4"
/>,
        Array [
          " Pelo menos ",
          2,
          " caracteres",
        ],
      ],
    },
    "ref": null,
    "rendered": Array [
      Object {
        "instance": null,
        "key": undefined,
        "nodeType": "function",
        "props": Object {
          "className": "icon",
          "color": "#eaeaf4",
        },
        "ref": null,
        "rendered": null,
        "type": [Function],
      },
      " Pelo menos ",
      2,
      " caracteres",
    ],
    "type": [Function],
  },
  Symbol(enzyme.__nodes__): Array [
    Object {
      "instance": null,
      "key": undefined,
      "nodeType": "class",
      "props": Object {
        "children": Array [
          <Circle
            className="icon"
            color="#eaeaf4"
/>,
          Array [
            " Pelo menos ",
            2,
            " caracteres",
          ],
        ],
      },
      "ref": null,
      "rendered": Array [
        Object {
          "instance": null,
          "key": undefined,
          "nodeType": "function",
          "props": Object {
            "className": "icon",
            "color": "#eaeaf4",
          },
          "ref": null,
          "rendered": null,
          "type": [Function],
        },
        " Pelo menos ",
        2,
        " caracteres",
      ],
      "type": [Function],
    },
  ],
  Symbol(enzyme.__options__): Object {
    "adapter": ReactSixteenAdapter {
      "options": Object {
        "enableComponentDidUpdateOnSetState": true,
      },
    },
  },
}
`;
